-------------------------------------------------------------------------------
      name:  <unnamed>
       log:  /workspace/logs/descriptive_2017_covid_severity.log
  log type:  text
 opened on:  27 Jan 2023, 15:07:51

. 
. * Open Stata dataset
. use ./output/analysis_2017, clear

. 
.  /* PROGRAMS TO AUTOMATE TABULATIONS=========================================
> ==*/ 
. 
. *****************************************************************************
> ***
. * All below code from K Baskharan 
. * Generic code to output one row of table
. 
. cap prog drop generaterow

. program define generaterow
  1. syntax, variable(varname) condition(string) 
  2.         
.         qui cou
  3.         local overalldenom=r(N)
  4.         local overalldenom = round(`overalldenom',5)
  5.         
.         qui sum `variable' if `variable' `condition'
  6.         file write tablecontent (r(max)) _tab
  7.         
.         qui cou   if `variable' `condition'
  8.         local rowdenom = r(N)
  9.         local rowdenom = round(`rowdenom',5)
 10.         local colpct = 100*(`rowdenom'/`overalldenom')
 11.         file write tablecontent %9.0gc (`rowdenom')  (" (") %3.1f (`colpct
> ') (")") _tab
 12. 
.         forvalues i=0/3{
 13.         qui cou if covid_severity == `i'
 14.         local rowdenom = r(N)
 15.         local rowdenom = round(`rowdenom',5)
 16.         qui cou if covid_severity == `i' & `variable' `condition'
 17.         local numerator = r(N)
 18.         local numerator = round(`numerator',5)
 19.         local pct = 100*(`numerator'/`rowdenom') 
 20.         file write tablecontent %9.0gc (`numerator') (" (") %3.1f (`pct') 
> (")") _tab
 21.         }
 22.         
.         file write tablecontent _n
 23. end

. 
. 
. * Output one row of table for co-morbidities and meds
. 
. cap prog drop generaterow2

. program define generaterow2
  1. syntax, variable(varname) condition(string) 
  2.         
.         qui cou
  3.         local overalldenom = round(r(N),5)
  4.         
.         qui cou if `variable' `condition'
  5.         local rowdenom = round(r(N),5)
  6.         local colpct = 100*(`rowdenom'/`overalldenom')
  7.         file write tablecontent %9.0gc (`rowdenom')  (" (") %3.1f (`colpct
> ') (")") _tab
  8. 
.         forvalues i=0/3{
  9.         qui cou if covid_severity == `i'
 10.         local rowdenom = round(r(N),5)
 11.         qui cou if covid_severity == `i' & `variable' `condition'
 12.         local numerator = round(r(N),5)
 13.         local pct = 100*(`numerator'/`rowdenom') 
 14.         file write tablecontent %9.0gc (`numerator') (" (") %3.1f (`pct') 
> (")") _tab
 15.         }
 16.         
.         file write tablecontent _n
 17. end

. 
. 
. 
. /* Explanatory Notes 
> defines a program (SAS macro/R function equivalent), generate row
> the syntax row specifies two inputs for the program: 
>         a VARNAME which is your variable 
>         a CONDITION which is a string of some condition you impose 
>         
> the program counts if variable and condition and returns the counts
> column percentages are then automatically generated
> this is then written to the text file 'tablecontent' 
> the number followed by space, brackets, formatted pct, end bracket and then t
> ab
> the format %3.1f specifies length of 3, followed by 1 dp. 
> */ 
. 
. *****************************************************************************
> ***
. * Generic code to output one section (varible) within table (calls above)
. 
. cap prog drop tabulatevariable

. prog define tabulatevariable
  1. syntax, variable(varname) min(real) max(real) [missing]
  2. 
.         local lab: variable label `variable'
  3.         file write tablecontent ("`lab'") _n 
  4. 
.         forvalues varlevel = `min'/`max'{ 
  5.                 generaterow, variable(`variable') condition("==`varlevel'"
> )
  6.         }
  7.         
.         if "`missing'"!="" generaterow, variable(`variable') condition("== 12
> ")
  8.         
. 
. 
. end

. 
. *****************************************************************************
> ***
. 
. /* Explanatory Notes 
> defines program tabulate variable 
> syntax is : 
>         - a VARNAME which you stick in variable 
>         - a numeric minimum 
>         - a numeric maximum 
>         - optional missing option, default value is . 
> forvalues lowest to highest of the variable, manually set for each var
> run the generate row program for the level of the variable 
> if there is a missing specified, then run the generate row for missing vals
> */ 
. 
. *****************************************************************************
> ***
. * Generic code to qui summarize a continous variable 
. 
. cap prog drop summarizevariable 

. prog define summarizevariable
  1. syntax, variable(varname) 
  2. 
.         local lab: variable label `variable'
  3.         file write tablecontent ("`lab'") _n 
  4. 
. 
.         * Means for continuous variables
.         /*qui summarize `variable', d
>         file write tablecontent ("Mean (SD)") _tab 
>         file write tablecontent  %3.1f (r(mean)) (" (") %3.1f (r(sd)) (")") _
> tab
>         
>         forvalues i=0/1{                                                     
>    
>         qui summarize `variable' if covid_severity == `i', d
>         file write tablecontent  %3.1f (r(mean)) (" (") %3.1f (r(sd)) (")") _
> tab
>         }*/
. 
. file write tablecontent
  5. 
.         
.         qui summarize `variable', d
  6.         file write tablecontent ("Median (IQR)") _tab 
  7.         file write tablecontent %3.1f (r(p50)) (" (") %3.1f (r(p25)) ("-")
>  %3.1f (r(p75)) (")") _tab
  8.         
.         forvalues i=0/3{
  9.         qui summarize `variable' if covid_severity == `i', d
 10.         file write tablecontent %3.1f (r(p50)) (" (") %3.1f (r(p25)) ("-")
>  %3.1f (r(p75)) (")") _tab
 11.         }
 12.         
. file write tablecontent _n
 13.         
. end

. 
. /* INVOKE PROGRAMS FOR TABLE 1===============================================
> =*/ 
. 
. *Set up output file
. cap file close tablecontent

. file open tablecontent using ./output/descriptive_2017_covid_severity.csv, wr
> ite text replace
(note: file ./output/descriptive_2017_covid_severity.csv not found)

. 
. local lab0: label covid_severity 0

. local lab1: label covid_severity 1

. local lab2: label covid_severity 2

. local lab3: label covid_severity 3

. 
. 
. file write tablecontent _tab ("Total") _tab ("`lab0'") _tab ("`lab1'") _tab (
> "`lab2'") _tab ("`lab3'") _n                                                 
>        

.                                                          
. ** Need to add line 95 from Kevin's
. ** wherever label ensure same name
. 
. * DEMOGRAPHICS (more than one level, potentially missing) 
. 
. format age baseline_egfr follow_up_time_esrd %9.2f

. 
. gen byte Denominator=1

. qui tabulatevariable, variable(Denominator) min(1) max(1) 

. file write tablecontent _n 

. 
. qui summarizevariable, variable(follow_up_time_esrd) 

. file write tablecontent _n

. 
. qui summarizevariable, variable(age) 

. file write tablecontent _n

. 
. qui tabulatevariable, variable(sex) min(0) max(1) 

. file write tablecontent _n 

. 
. qui tabulatevariable, variable(imd) min(1) max(5) 

. file write tablecontent _n 

. 
. qui tabulatevariable, variable(ethnicity1) min(1) max(6)

. file write tablecontent _n 

. 
. qui tabulatevariable, variable(region) min(1) max(9)

. file write tablecontent _n 

. 
. qui tabulatevariable, variable(stp) min(1) max(35)

. file write tablecontent _n 

. 
. qui tabulatevariable, variable(urban) min(0) max(1)

. file write tablecontent _n 

. 
. qui tabulatevariable, variable(bmi) min(1) max(6)

. file write tablecontent _n 

. 
. qui tabulatevariable, variable(smoking) min(0) max(1)

. file write tablecontent _n 

. 
. qui summarizevariable, variable(baseline_egfr) 

. file write tablecontent _n 

. 
. qui tabulatevariable, variable(egfr_group) min(1) max(7)  

. file write tablecontent _n 

. 
. qui tabulatevariable, variable(ckd_stage) min(1) max(6)  

. file write tablecontent _n 

. 
. * COMORBIDITIES (binary)
. foreach comorb of varlist               ///
>         cardiovascular          ///
>         diabetes                        ///
>         hypertension            ///
>         immunosuppressed        ///
>         non_haem_cancer { 
  2.         local comorb: subinstr local comorb "i." ""
  3.         local lab: variable label `comorb'
  4.         file write tablecontent ("`lab'") _tab
  5.                                                                 
.         generaterow2, variable(`comorb') condition("==1")
  6.         file write tablecontent _n _n
  7. }

. 
. file close tablecontent

. 
. * Close log file 
. log close
      name:  <unnamed>
       log:  /workspace/logs/descriptive_2017_covid_severity.log
  log type:  text
 closed on:  27 Jan 2023, 15:08:09
-------------------------------------------------------------------------------
